<?xml version="1.0" encoding="UTF-8"?>
<testsuites>
  <testsuite name="/app/phpunit.xml.dist" tests="81" assertions="90" errors="25" failures="0" skipped="17" time="2.300776">
    <testsuite name="PropelBundle Test Suite" tests="81" assertions="90" errors="25" failures="0" skipped="17" time="2.300776">
      <testsuite name="Propel\Bundle\PropelBundle\Tests\DataFixtures\Dumper\YamlDataDumperTest" file="/app/Tests/DataFixtures/Dumper/YamlDataDumperTest.php" tests="1" assertions="0" errors="1" failures="0" skipped="0" time="0.000000">
        <testcase name="testYamlDump" file="/app/Tests/DataFixtures/Dumper/YamlDataDumperTest.php" line="23" class="Propel\Bundle\PropelBundle\Tests\DataFixtures\Dumper\YamlDataDumperTest" classname="Propel.Bundle.PropelBundle.Tests.DataFixtures.Dumper.YamlDataDumperTest" assertions="0" time="0.000000">
          <error type="PDOException">Propel\Bundle\PropelBundle\Tests\DataFixtures\Dumper\YamlDataDumperTest::testYamlDump
PDOException: could not find driver

/app/vendor/propel/propel/src/Propel/Runtime/Connection/PdoConnection.php:104
/app/vendor/propel/propel/src/Propel/Generator/Util/QuickBuilder.php:264
/app/vendor/propel/propel/src/Propel/Generator/Util/QuickBuilder.php:241
/app/Tests/DataFixtures/TestCase.php:60</error>
        </testcase>
      </testsuite>
      <testsuite name="Propel\Bundle\PropelBundle\Tests\DataFixtures\Loader\XmlDataLoaderTest" file="/app/Tests/DataFixtures/Loader/XmlDataLoaderTest.php" tests="1" assertions="0" errors="1" failures="0" skipped="0" time="0.000000">
        <testcase name="testXmlLoad" file="/app/Tests/DataFixtures/Loader/XmlDataLoaderTest.php" line="23" class="Propel\Bundle\PropelBundle\Tests\DataFixtures\Loader\XmlDataLoaderTest" classname="Propel.Bundle.PropelBundle.Tests.DataFixtures.Loader.XmlDataLoaderTest" assertions="0" time="0.000000">
          <error type="PDOException">Propel\Bundle\PropelBundle\Tests\DataFixtures\Loader\XmlDataLoaderTest::testXmlLoad
PDOException: could not find driver

/app/vendor/propel/propel/src/Propel/Runtime/Connection/PdoConnection.php:104
/app/vendor/propel/propel/src/Propel/Generator/Util/QuickBuilder.php:264
/app/vendor/propel/propel/src/Propel/Generator/Util/QuickBuilder.php:241
/app/Tests/DataFixtures/TestCase.php:60</error>
        </testcase>
      </testsuite>
      <testsuite name="Propel\Bundle\PropelBundle\Tests\DataFixtures\Loader\YamlDataLoaderTest" file="/app/Tests/DataFixtures/Loader/YamlDataLoaderTest.php" tests="11" assertions="0" errors="11" failures="0" skipped="0" time="0.000000">
        <testcase name="testYamlLoadOneToMany" file="/app/Tests/DataFixtures/Loader/YamlDataLoaderTest.php" line="24" class="Propel\Bundle\PropelBundle\Tests\DataFixtures\Loader\YamlDataLoaderTest" classname="Propel.Bundle.PropelBundle.Tests.DataFixtures.Loader.YamlDataLoaderTest" assertions="0" time="0.000000">
          <error type="PDOException">Propel\Bundle\PropelBundle\Tests\DataFixtures\Loader\YamlDataLoaderTest::testYamlLoadOneToMany
PDOException: could not find driver

/app/vendor/propel/propel/src/Propel/Runtime/Connection/PdoConnection.php:104
/app/vendor/propel/propel/src/Propel/Generator/Util/QuickBuilder.php:264
/app/vendor/propel/propel/src/Propel/Generator/Util/QuickBuilder.php:241
/app/Tests/DataFixtures/TestCase.php:60</error>
        </testcase>
        <testcase name="testYamlLoadOneToManyExternalReference" file="/app/Tests/DataFixtures/Loader/YamlDataLoaderTest.php" line="50" class="Propel\Bundle\PropelBundle\Tests\DataFixtures\Loader\YamlDataLoaderTest" classname="Propel.Bundle.PropelBundle.Tests.DataFixtures.Loader.YamlDataLoaderTest" assertions="0" time="0.000000">
          <error type="PDOException">Propel\Bundle\PropelBundle\Tests\DataFixtures\Loader\YamlDataLoaderTest::testYamlLoadOneToManyExternalReference
PDOException: could not find driver

/app/vendor/propel/propel/src/Propel/Runtime/Connection/PdoConnection.php:104
/app/vendor/propel/propel/src/Propel/Generator/Util/QuickBuilder.php:264
/app/vendor/propel/propel/src/Propel/Generator/Util/QuickBuilder.php:241
/app/Tests/DataFixtures/TestCase.php:60</error>
        </testcase>
        <testcase name="testLoadSelfReferencing" file="/app/Tests/DataFixtures/Loader/YamlDataLoaderTest.php" line="82" class="Propel\Bundle\PropelBundle\Tests\DataFixtures\Loader\YamlDataLoaderTest" classname="Propel.Bundle.PropelBundle.Tests.DataFixtures.Loader.YamlDataLoaderTest" assertions="0" time="0.000000">
          <error type="PDOException">Propel\Bundle\PropelBundle\Tests\DataFixtures\Loader\YamlDataLoaderTest::testLoadSelfReferencing
PDOException: could not find driver

/app/vendor/propel/propel/src/Propel/Runtime/Connection/PdoConnection.php:104
/app/vendor/propel/propel/src/Propel/Generator/Util/QuickBuilder.php:264
/app/vendor/propel/propel/src/Propel/Generator/Util/QuickBuilder.php:241
/app/Tests/DataFixtures/TestCase.php:60</error>
        </testcase>
        <testcase name="testLoaderWithPhp" file="/app/Tests/DataFixtures/Loader/YamlDataLoaderTest.php" line="109" class="Propel\Bundle\PropelBundle\Tests\DataFixtures\Loader\YamlDataLoaderTest" classname="Propel.Bundle.PropelBundle.Tests.DataFixtures.Loader.YamlDataLoaderTest" assertions="0" time="0.000000">
          <error type="PDOException">Propel\Bundle\PropelBundle\Tests\DataFixtures\Loader\YamlDataLoaderTest::testLoaderWithPhp
PDOException: could not find driver

/app/vendor/propel/propel/src/Propel/Runtime/Connection/PdoConnection.php:104
/app/vendor/propel/propel/src/Propel/Generator/Util/QuickBuilder.php:264
/app/vendor/propel/propel/src/Propel/Generator/Util/QuickBuilder.php:241
/app/Tests/DataFixtures/TestCase.php:60</error>
        </testcase>
        <testcase name="testLoadWithoutFaker" file="/app/Tests/DataFixtures/Loader/YamlDataLoaderTest.php" line="133" class="Propel\Bundle\PropelBundle\Tests\DataFixtures\Loader\YamlDataLoaderTest" classname="Propel.Bundle.PropelBundle.Tests.DataFixtures.Loader.YamlDataLoaderTest" assertions="0" time="0.000000">
          <error type="PDOException">Propel\Bundle\PropelBundle\Tests\DataFixtures\Loader\YamlDataLoaderTest::testLoadWithoutFaker
PDOException: could not find driver

/app/vendor/propel/propel/src/Propel/Runtime/Connection/PdoConnection.php:104
/app/vendor/propel/propel/src/Propel/Generator/Util/QuickBuilder.php:264
/app/vendor/propel/propel/src/Propel/Generator/Util/QuickBuilder.php:241
/app/Tests/DataFixtures/TestCase.php:60</error>
        </testcase>
        <testcase name="testLoadWithFaker" file="/app/Tests/DataFixtures/Loader/YamlDataLoaderTest.php" line="157" class="Propel\Bundle\PropelBundle\Tests\DataFixtures\Loader\YamlDataLoaderTest" classname="Propel.Bundle.PropelBundle.Tests.DataFixtures.Loader.YamlDataLoaderTest" assertions="0" time="0.000000">
          <error type="PDOException">Propel\Bundle\PropelBundle\Tests\DataFixtures\Loader\YamlDataLoaderTest::testLoadWithFaker
PDOException: could not find driver

/app/vendor/propel/propel/src/Propel/Runtime/Connection/PdoConnection.php:104
/app/vendor/propel/propel/src/Propel/Generator/Util/QuickBuilder.php:264
/app/vendor/propel/propel/src/Propel/Generator/Util/QuickBuilder.php:241
/app/Tests/DataFixtures/TestCase.php:60</error>
        </testcase>
        <testcase name="testYamlLoadManyToMany" file="/app/Tests/DataFixtures/Loader/YamlDataLoaderTest.php" line="188" class="Propel\Bundle\PropelBundle\Tests\DataFixtures\Loader\YamlDataLoaderTest" classname="Propel.Bundle.PropelBundle.Tests.DataFixtures.Loader.YamlDataLoaderTest" assertions="0" time="0.000000">
          <error type="PDOException">Propel\Bundle\PropelBundle\Tests\DataFixtures\Loader\YamlDataLoaderTest::testYamlLoadManyToMany
PDOException: could not find driver

/app/vendor/propel/propel/src/Propel/Runtime/Connection/PdoConnection.php:104
/app/vendor/propel/propel/src/Propel/Generator/Util/QuickBuilder.php:264
/app/vendor/propel/propel/src/Propel/Generator/Util/QuickBuilder.php:241
/app/Tests/DataFixtures/TestCase.php:60</error>
        </testcase>
        <testcase name="testYamlLoadManyToManyMultipleFiles" file="/app/Tests/DataFixtures/Loader/YamlDataLoaderTest.php" line="270" class="Propel\Bundle\PropelBundle\Tests\DataFixtures\Loader\YamlDataLoaderTest" classname="Propel.Bundle.PropelBundle.Tests.DataFixtures.Loader.YamlDataLoaderTest" assertions="0" time="0.000000">
          <error type="PDOException">Propel\Bundle\PropelBundle\Tests\DataFixtures\Loader\YamlDataLoaderTest::testYamlLoadManyToManyMultipleFiles
PDOException: could not find driver

/app/vendor/propel/propel/src/Propel/Runtime/Connection/PdoConnection.php:104
/app/vendor/propel/propel/src/Propel/Generator/Util/QuickBuilder.php:264
/app/vendor/propel/propel/src/Propel/Generator/Util/QuickBuilder.php:241
/app/Tests/DataFixtures/TestCase.php:60</error>
        </testcase>
        <testcase name="testLoadWithInheritedRelationship" file="/app/Tests/DataFixtures/Loader/YamlDataLoaderTest.php" line="358" class="Propel\Bundle\PropelBundle\Tests\DataFixtures\Loader\YamlDataLoaderTest" classname="Propel.Bundle.PropelBundle.Tests.DataFixtures.Loader.YamlDataLoaderTest" assertions="0" time="0.000000">
          <error type="PDOException">Propel\Bundle\PropelBundle\Tests\DataFixtures\Loader\YamlDataLoaderTest::testLoadWithInheritedRelationship
PDOException: could not find driver

/app/vendor/propel/propel/src/Propel/Runtime/Connection/PdoConnection.php:104
/app/vendor/propel/propel/src/Propel/Generator/Util/QuickBuilder.php:264
/app/vendor/propel/propel/src/Propel/Generator/Util/QuickBuilder.php:241
/app/Tests/DataFixtures/TestCase.php:60</error>
        </testcase>
        <testcase name="testLoadArrayToObjectType" file="/app/Tests/DataFixtures/Loader/YamlDataLoaderTest.php" line="415" class="Propel\Bundle\PropelBundle\Tests\DataFixtures\Loader\YamlDataLoaderTest" classname="Propel.Bundle.PropelBundle.Tests.DataFixtures.Loader.YamlDataLoaderTest" assertions="0" time="0.000000">
          <error type="PDOException">Propel\Bundle\PropelBundle\Tests\DataFixtures\Loader\YamlDataLoaderTest::testLoadArrayToObjectType
PDOException: could not find driver

/app/vendor/propel/propel/src/Propel/Runtime/Connection/PdoConnection.php:104
/app/vendor/propel/propel/src/Propel/Generator/Util/QuickBuilder.php:264
/app/vendor/propel/propel/src/Propel/Generator/Util/QuickBuilder.php:241
/app/Tests/DataFixtures/TestCase.php:60</error>
        </testcase>
        <testcase name="testLoadDelegatedOnPrimaryKey" file="/app/Tests/DataFixtures/Loader/YamlDataLoaderTest.php" line="448" class="Propel\Bundle\PropelBundle\Tests\DataFixtures\Loader\YamlDataLoaderTest" classname="Propel.Bundle.PropelBundle.Tests.DataFixtures.Loader.YamlDataLoaderTest" assertions="0" time="0.000000">
          <error type="PDOException">Propel\Bundle\PropelBundle\Tests\DataFixtures\Loader\YamlDataLoaderTest::testLoadDelegatedOnPrimaryKey
PDOException: could not find driver

/app/vendor/propel/propel/src/Propel/Runtime/Connection/PdoConnection.php:104
/app/vendor/propel/propel/src/Propel/Generator/Util/QuickBuilder.php:264
/app/vendor/propel/propel/src/Propel/Generator/Util/QuickBuilder.php:241
/app/Tests/DataFixtures/TestCase.php:60</error>
        </testcase>
      </testsuite>
      <testsuite name="Propel\Bundle\PropelBundle\Tests\Form\Form\DataTransformer\CollectionToArrayTransformerTest" file="/app/Tests/Form/DataTransformer/CollectionToArrayTransformerTest.php" tests="8" assertions="20" errors="0" failures="0" skipped="0" time="0.274551">
        <testcase name="testTransform" file="/app/Tests/Form/DataTransformer/CollectionToArrayTransformerTest.php" line="34" class="Propel\Bundle\PropelBundle\Tests\Form\Form\DataTransformer\CollectionToArrayTransformerTest" classname="Propel.Bundle.PropelBundle.Tests.Form.Form.DataTransformer.CollectionToArrayTransformerTest" assertions="2" time="0.172030"/>
        <testcase name="testTransformWithNull" file="/app/Tests/Form/DataTransformer/CollectionToArrayTransformerTest.php" line="42" class="Propel\Bundle\PropelBundle\Tests\Form\Form\DataTransformer\CollectionToArrayTransformerTest" classname="Propel.Bundle.PropelBundle.Tests.Form.Form.DataTransformer.CollectionToArrayTransformerTest" assertions="2" time="0.000170"/>
        <testcase name="testTransformThrowsExceptionIfNotObjectCollection" file="/app/Tests/Form/DataTransformer/CollectionToArrayTransformerTest.php" line="53" class="Propel\Bundle\PropelBundle\Tests\Form\Form\DataTransformer\CollectionToArrayTransformerTest" classname="Propel.Bundle.PropelBundle.Tests.Form.Form.DataTransformer.CollectionToArrayTransformerTest" assertions="1" time="0.073906"/>
        <testcase name="testTransformWithData" file="/app/Tests/Form/DataTransformer/CollectionToArrayTransformerTest.php" line="60" class="Propel\Bundle\PropelBundle\Tests\Form\Form\DataTransformer\CollectionToArrayTransformerTest" classname="Propel.Bundle.PropelBundle.Tests.Form.Form.DataTransformer.CollectionToArrayTransformerTest" assertions="4" time="0.011254"/>
        <testcase name="testReverseTransformWithNull" file="/app/Tests/Form/DataTransformer/CollectionToArrayTransformerTest.php" line="73" class="Propel\Bundle\PropelBundle\Tests\Form\Form\DataTransformer\CollectionToArrayTransformerTest" classname="Propel.Bundle.PropelBundle.Tests.Form.Form.DataTransformer.CollectionToArrayTransformerTest" assertions="2" time="0.016731"/>
        <testcase name="testReverseTransformWithEmptyString" file="/app/Tests/Form/DataTransformer/CollectionToArrayTransformerTest.php" line="81" class="Propel\Bundle\PropelBundle\Tests\Form\Form\DataTransformer\CollectionToArrayTransformerTest" classname="Propel.Bundle.PropelBundle.Tests.Form.Form.DataTransformer.CollectionToArrayTransformerTest" assertions="2" time="0.000166"/>
        <testcase name="testReverseTransformThrowsExceptionIfNotArray" file="/app/Tests/Form/DataTransformer/CollectionToArrayTransformerTest.php" line="92" class="Propel\Bundle\PropelBundle\Tests\Form\Form\DataTransformer\CollectionToArrayTransformerTest" classname="Propel.Bundle.PropelBundle.Tests.Form.Form.DataTransformer.CollectionToArrayTransformerTest" assertions="1" time="0.000162"/>
        <testcase name="testReverseTransformWithData" file="/app/Tests/Form/DataTransformer/CollectionToArrayTransformerTest.php" line="99" class="Propel\Bundle\PropelBundle\Tests\Form\Form\DataTransformer\CollectionToArrayTransformerTest" classname="Propel.Bundle.PropelBundle.Tests.Form.Form.DataTransformer.CollectionToArrayTransformerTest" assertions="6" time="0.000132"/>
      </testsuite>
      <testsuite name="Propel\Bundle\PropelBundle\Tests\Form\Form\Type\TranslationCollectionTypeTest" file="/app/Tests/Form/Type/TranslationCollectionTypeTest.php" tests="6" assertions="0" errors="6" failures="0" skipped="0" time="0.000000">
        <testcase name="testTranslationsAdded" file="/app/Tests/Form/Type/TranslationCollectionTypeTest.php" line="43" class="Propel\Bundle\PropelBundle\Tests\Form\Form\Type\TranslationCollectionTypeTest" classname="Propel.Bundle.PropelBundle.Tests.Form.Form.Type.TranslationCollectionTypeTest" assertions="0" time="0.000000">
          <error type="Error">Propel\Bundle\PropelBundle\Tests\Form\Form\Type\TranslationCollectionTypeTest::testTranslationsAdded
Error: Class "Symfony\Component\TypeInfo\TypeIdentifier" not found

/app/vendor/symfony/property-info/Extractor/ReflectionExtractor.php:74
/app/vendor/symfony/property-access/PropertyAccessorBuilder.php:289
/app/vendor/symfony/property-access/PropertyAccess.php:26
/app/Form/PropelExtension.php:48
/app/Tests/Form/Type/TranslationCollectionTypeTest.php:39
/app/vendor/symfony/form/Test/FormIntegrationTestCase.php:32
/app/vendor/symfony/form/Test/TypeTestCase.php:26
/app/Tests/Form/Type/TranslationCollectionTypeTest.php:33</error>
        </testcase>
        <testcase name="testNotPresentTranslationsAdded" file="/app/Tests/Form/Type/TranslationCollectionTypeTest.php" line="80" class="Propel\Bundle\PropelBundle\Tests\Form\Form\Type\TranslationCollectionTypeTest" classname="Propel.Bundle.PropelBundle.Tests.Form.Form.Type.TranslationCollectionTypeTest" assertions="0" time="0.000000">
          <error type="Error">Propel\Bundle\PropelBundle\Tests\Form\Form\Type\TranslationCollectionTypeTest::testNotPresentTranslationsAdded
Error: Class "Symfony\Component\TypeInfo\TypeIdentifier" not found

/app/vendor/symfony/property-info/Extractor/ReflectionExtractor.php:74
/app/vendor/symfony/property-access/PropertyAccessorBuilder.php:289
/app/vendor/symfony/property-access/PropertyAccess.php:26
/app/Form/PropelExtension.php:48
/app/Tests/Form/Type/TranslationCollectionTypeTest.php:39
/app/vendor/symfony/form/Test/FormIntegrationTestCase.php:32
/app/vendor/symfony/form/Test/TypeTestCase.php:26
/app/Tests/Form/Type/TranslationCollectionTypeTest.php:33</error>
        </testcase>
        <testcase name="testNoArrayGiven" file="/app/Tests/Form/Type/TranslationCollectionTypeTest.php" line="106" class="Propel\Bundle\PropelBundle\Tests\Form\Form\Type\TranslationCollectionTypeTest" classname="Propel.Bundle.PropelBundle.Tests.Form.Form.Type.TranslationCollectionTypeTest" assertions="0" time="0.000000">
          <error type="Error">Propel\Bundle\PropelBundle\Tests\Form\Form\Type\TranslationCollectionTypeTest::testNoArrayGiven
Error: Class "Symfony\Component\TypeInfo\TypeIdentifier" not found

/app/vendor/symfony/property-info/Extractor/ReflectionExtractor.php:74
/app/vendor/symfony/property-access/PropertyAccessorBuilder.php:289
/app/vendor/symfony/property-access/PropertyAccess.php:26
/app/Form/PropelExtension.php:48
/app/Tests/Form/Type/TranslationCollectionTypeTest.php:39
/app/vendor/symfony/form/Test/FormIntegrationTestCase.php:32
/app/vendor/symfony/form/Test/TypeTestCase.php:26
/app/Tests/Form/Type/TranslationCollectionTypeTest.php:33</error>
        </testcase>
        <testcase name="testNoDataClassAdded" file="/app/Tests/Form/Type/TranslationCollectionTypeTest.php" line="130" class="Propel\Bundle\PropelBundle\Tests\Form\Form\Type\TranslationCollectionTypeTest" classname="Propel.Bundle.PropelBundle.Tests.Form.Form.Type.TranslationCollectionTypeTest" assertions="0" time="0.000000">
          <error type="Error">Propel\Bundle\PropelBundle\Tests\Form\Form\Type\TranslationCollectionTypeTest::testNoDataClassAdded
Error: Class "Symfony\Component\TypeInfo\TypeIdentifier" not found

/app/vendor/symfony/property-info/Extractor/ReflectionExtractor.php:74
/app/vendor/symfony/property-access/PropertyAccessorBuilder.php:289
/app/vendor/symfony/property-access/PropertyAccess.php:26
/app/Form/PropelExtension.php:48
/app/Tests/Form/Type/TranslationCollectionTypeTest.php:39
/app/vendor/symfony/form/Test/FormIntegrationTestCase.php:32
/app/vendor/symfony/form/Test/TypeTestCase.php:26
/app/Tests/Form/Type/TranslationCollectionTypeTest.php:33</error>
        </testcase>
        <testcase name="testNoLanguagesAdded" file="/app/Tests/Form/Type/TranslationCollectionTypeTest.php" line="145" class="Propel\Bundle\PropelBundle\Tests\Form\Form\Type\TranslationCollectionTypeTest" classname="Propel.Bundle.PropelBundle.Tests.Form.Form.Type.TranslationCollectionTypeTest" assertions="0" time="0.000000">
          <error type="Error">Propel\Bundle\PropelBundle\Tests\Form\Form\Type\TranslationCollectionTypeTest::testNoLanguagesAdded
Error: Class "Symfony\Component\TypeInfo\TypeIdentifier" not found

/app/vendor/symfony/property-info/Extractor/ReflectionExtractor.php:74
/app/vendor/symfony/property-access/PropertyAccessorBuilder.php:289
/app/vendor/symfony/property-access/PropertyAccess.php:26
/app/Form/PropelExtension.php:48
/app/Tests/Form/Type/TranslationCollectionTypeTest.php:39
/app/vendor/symfony/form/Test/FormIntegrationTestCase.php:32
/app/vendor/symfony/form/Test/TypeTestCase.php:26
/app/Tests/Form/Type/TranslationCollectionTypeTest.php:33</error>
        </testcase>
        <testcase name="testNoColumnsAdded" file="/app/Tests/Form/Type/TranslationCollectionTypeTest.php" line="160" class="Propel\Bundle\PropelBundle\Tests\Form\Form\Type\TranslationCollectionTypeTest" classname="Propel.Bundle.PropelBundle.Tests.Form.Form.Type.TranslationCollectionTypeTest" assertions="0" time="0.000000">
          <error type="Error">Propel\Bundle\PropelBundle\Tests\Form\Form\Type\TranslationCollectionTypeTest::testNoColumnsAdded
Error: Class "Symfony\Component\TypeInfo\TypeIdentifier" not found

/app/vendor/symfony/property-info/Extractor/ReflectionExtractor.php:74
/app/vendor/symfony/property-access/PropertyAccessorBuilder.php:289
/app/vendor/symfony/property-access/PropertyAccess.php:26
/app/Form/PropelExtension.php:48
/app/Tests/Form/Type/TranslationCollectionTypeTest.php:39
/app/vendor/symfony/form/Test/FormIntegrationTestCase.php:32
/app/vendor/symfony/form/Test/TypeTestCase.php:26
/app/Tests/Form/Type/TranslationCollectionTypeTest.php:33</error>
        </testcase>
      </testsuite>
      <testsuite name="Propel\Bundle\PropelBundle\Tests\Form\TypeGuesserTest" file="/app/Tests/Form/TypeGuesserTest.php" tests="17" assertions="47" errors="0" failures="0" skipped="0" time="0.198671">
        <testcase name="testGuessMaxLengthWithText" file="/app/Tests/Form/TypeGuesserTest.php" line="38" class="Propel\Bundle\PropelBundle\Tests\Form\TypeGuesserTest" classname="Propel.Bundle.PropelBundle.Tests.Form.TypeGuesserTest" assertions="2" time="0.124616"/>
        <testcase name="testGuessMaxLengthWithFloat" file="/app/Tests/Form/TypeGuesserTest.php" line="46" class="Propel\Bundle\PropelBundle\Tests\Form\TypeGuesserTest" classname="Propel.Bundle.PropelBundle.Tests.Form.TypeGuesserTest" assertions="2" time="0.000162"/>
        <testcase name="testGuessMinLengthWithText" file="/app/Tests/Form/TypeGuesserTest.php" line="54" class="Propel\Bundle\PropelBundle\Tests\Form\TypeGuesserTest" classname="Propel.Bundle.PropelBundle.Tests.Form.TypeGuesserTest" assertions="1" time="0.000104"/>
        <testcase name="testGuessMinLengthWithFloat" file="/app/Tests/Form/TypeGuesserTest.php" line="61" class="Propel\Bundle\PropelBundle\Tests\Form\TypeGuesserTest" classname="Propel.Bundle.PropelBundle.Tests.Form.TypeGuesserTest" assertions="2" time="0.000164"/>
        <testcase name="testGuessRequired" file="/app/Tests/Form/TypeGuesserTest.php" line="69" class="Propel\Bundle\PropelBundle\Tests\Form\TypeGuesserTest" classname="Propel.Bundle.PropelBundle.Tests.Form.TypeGuesserTest" assertions="2" time="0.000154"/>
        <testcase name="testGuessRequiredWithNullableColumn" file="/app/Tests/Form/TypeGuesserTest.php" line="77" class="Propel\Bundle\PropelBundle\Tests\Form\TypeGuesserTest" classname="Propel.Bundle.PropelBundle.Tests.Form.TypeGuesserTest" assertions="2" time="0.012428"/>
        <testcase name="testGuessTypeWithoutTable" file="/app/Tests/Form/TypeGuesserTest.php" line="85" class="Propel\Bundle\PropelBundle\Tests\Form\TypeGuesserTest" classname="Propel.Bundle.PropelBundle.Tests.Form.TypeGuesserTest" assertions="3" time="0.018599"/>
        <testcase name="testGuessTypeWithoutColumn" file="/app/Tests/Form/TypeGuesserTest.php" line="94" class="Propel\Bundle\PropelBundle\Tests\Form\TypeGuesserTest" classname="Propel.Bundle.PropelBundle.Tests.Form.TypeGuesserTest" assertions="3" time="0.040918"/>
        <testsuite name="Propel\Bundle\PropelBundle\Tests\Form\TypeGuesserTest::testGuessType" tests="9" assertions="30" errors="0" failures="0" skipped="0" time="0.001525">
          <testcase name="testGuessType with data set #0" file="/app/Tests/Form/TypeGuesserTest.php" line="107" class="Propel\Bundle\PropelBundle\Tests\Form\TypeGuesserTest" classname="Propel.Bundle.PropelBundle.Tests.Form.TypeGuesserTest" assertions="3" time="0.000261"/>
          <testcase name="testGuessType with data set #1" file="/app/Tests/Form/TypeGuesserTest.php" line="107" class="Propel\Bundle\PropelBundle\Tests\Form\TypeGuesserTest" classname="Propel.Bundle.PropelBundle.Tests.Form.TypeGuesserTest" assertions="3" time="0.000161"/>
          <testcase name="testGuessType with data set #2" file="/app/Tests/Form/TypeGuesserTest.php" line="107" class="Propel\Bundle\PropelBundle\Tests\Form\TypeGuesserTest" classname="Propel.Bundle.PropelBundle.Tests.Form.TypeGuesserTest" assertions="3" time="0.000139"/>
          <testcase name="testGuessType with data set #3" file="/app/Tests/Form/TypeGuesserTest.php" line="107" class="Propel\Bundle\PropelBundle\Tests\Form\TypeGuesserTest" classname="Propel.Bundle.PropelBundle.Tests.Form.TypeGuesserTest" assertions="3" time="0.000120"/>
          <testcase name="testGuessType with data set #4" file="/app/Tests/Form/TypeGuesserTest.php" line="107" class="Propel\Bundle\PropelBundle\Tests\Form\TypeGuesserTest" classname="Propel.Bundle.PropelBundle.Tests.Form.TypeGuesserTest" assertions="3" time="0.000118"/>
          <testcase name="testGuessType with data set #5" file="/app/Tests/Form/TypeGuesserTest.php" line="107" class="Propel\Bundle\PropelBundle\Tests\Form\TypeGuesserTest" classname="Propel.Bundle.PropelBundle.Tests.Form.TypeGuesserTest" assertions="3" time="0.000188"/>
          <testcase name="testGuessType with data set #6" file="/app/Tests/Form/TypeGuesserTest.php" line="107" class="Propel\Bundle\PropelBundle\Tests\Form\TypeGuesserTest" classname="Propel.Bundle.PropelBundle.Tests.Form.TypeGuesserTest" assertions="4" time="0.000177"/>
          <testcase name="testGuessType with data set #7" file="/app/Tests/Form/TypeGuesserTest.php" line="107" class="Propel\Bundle\PropelBundle\Tests\Form\TypeGuesserTest" classname="Propel.Bundle.PropelBundle.Tests.Form.TypeGuesserTest" assertions="4" time="0.000194"/>
          <testcase name="testGuessType with data set #8" file="/app/Tests/Form/TypeGuesserTest.php" line="107" class="Propel\Bundle\PropelBundle\Tests\Form\TypeGuesserTest" classname="Propel.Bundle.PropelBundle.Tests.Form.TypeGuesserTest" assertions="4" time="0.000167"/>
        </testsuite>
      </testsuite>
      <testsuite name="Propel\Bundle\PropelBundle\Tests\PropelBundleTest" file="/app/Tests/PropelBundleTest.php" tests="2" assertions="3" errors="2" failures="0" skipped="0" time="0.587031">
        <testcase name="testConfigureConnections" file="/app/Tests/PropelBundleTest.php" line="67" class="Propel\Bundle\PropelBundle\Tests\PropelBundleTest" classname="Propel.Bundle.PropelBundle.Tests.PropelBundleTest" assertions="1" time="0.479086">
          <error type="Propel\Runtime\Connection\Exception\ConnectionException">Propel\Bundle\PropelBundle\Tests\PropelBundleTest::testConfigureConnections
Propel\Runtime\Connection\Exception\ConnectionException: Unable to open connection

/app/vendor/propel/propel/src/Propel/Runtime/Connection/ConnectionFactory.php:57
/app/vendor/propel/propel/src/Propel/Runtime/Connection/ConnectionManagerSingle.php:104
/app/vendor/propel/propel/src/Propel/Runtime/Connection/ConnectionManagerSingle.php:118
/app/Tests/PropelBundleTest.php:92</error>
        </testcase>
        <testcase name="testConfigureLogging" file="/app/Tests/PropelBundleTest.php" line="173" class="Propel\Bundle\PropelBundle\Tests\PropelBundleTest" classname="Propel.Bundle.PropelBundle.Tests.PropelBundleTest" assertions="2" time="0.107945">
          <error type="TypeError">Propel\Bundle\PropelBundle\Tests\PropelBundleTest::testConfigureLogging
TypeError: Propel\Runtime\Connection\ConnectionFactory::create(): Argument #2 ($adapter) must be of type Propel\Runtime\Adapter\AdapterInterface, null given, called in /app/vendor/propel/propel/src/Propel/Runtime/Connection/ConnectionManagerPrimaryReplica.php on line 190

/app/vendor/propel/propel/src/Propel/Runtime/Connection/ConnectionFactory.php:42
/app/vendor/propel/propel/src/Propel/Runtime/Connection/ConnectionManagerPrimaryReplica.php:190
/app/Tests/PropelBundleTest.php:207</error>
        </testcase>
      </testsuite>
      <testsuite name="Propel\Bundle\PropelBundle\Tests\Request\ParamConverter\PropelParamConverterTest" file="/app/Tests/Request/ParamConverter/PropelParamConverterTest.php" tests="17" assertions="0" errors="0" failures="0" skipped="17" time="0.000000">
        <testcase name="testParamConverterSupport" file="/app/Tests/Request/ParamConverter/PropelParamConverterTest.php" line="43" class="Propel\Bundle\PropelBundle\Tests\Request\ParamConverter\PropelParamConverterTest" classname="Propel.Bundle.PropelBundle.Tests.Request.ParamConverter.PropelParamConverterTest" assertions="0" time="0.000000">
          <skipped/>
        </testcase>
        <testcase name="testParamConverterFindPk" file="/app/Tests/Request/ParamConverter/PropelParamConverterTest.php" line="57" class="Propel\Bundle\PropelBundle\Tests\Request\ParamConverter\PropelParamConverterTest" classname="Propel.Bundle.PropelBundle.Tests.Request.ParamConverter.PropelParamConverterTest" assertions="0" time="0.000000">
          <skipped/>
        </testcase>
        <testcase name="testParamConverterFindPkNotFound" file="/app/Tests/Request/ParamConverter/PropelParamConverterTest.php" line="74" class="Propel\Bundle\PropelBundle\Tests\Request\ParamConverter\PropelParamConverterTest" classname="Propel.Bundle.PropelBundle.Tests.Request.ParamConverter.PropelParamConverterTest" assertions="0" time="0.000000">
          <skipped/>
        </testcase>
        <testcase name="testParamConverterFindSlug" file="/app/Tests/Request/ParamConverter/PropelParamConverterTest.php" line="85" class="Propel\Bundle\PropelBundle\Tests\Request\ParamConverter\PropelParamConverterTest" classname="Propel.Bundle.PropelBundle.Tests.Request.ParamConverter.PropelParamConverterTest" assertions="0" time="0.000000">
          <skipped/>
        </testcase>
        <testcase name="testParamConverterFindCamelCasedSlug" file="/app/Tests/Request/ParamConverter/PropelParamConverterTest.php" line="95" class="Propel\Bundle\PropelBundle\Tests\Request\ParamConverter\PropelParamConverterTest" classname="Propel.Bundle.PropelBundle.Tests.Request.ParamConverter.PropelParamConverterTest" assertions="0" time="0.000000">
          <skipped/>
        </testcase>
        <testcase name="testParamConverterFindSlugNotFound" file="/app/Tests/Request/ParamConverter/PropelParamConverterTest.php" line="109" class="Propel\Bundle\PropelBundle\Tests\Request\ParamConverter\PropelParamConverterTest" classname="Propel.Bundle.PropelBundle.Tests.Request.ParamConverter.PropelParamConverterTest" assertions="0" time="0.000000">
          <skipped/>
        </testcase>
        <testcase name="testParamConverterFindBySlugNotByName" file="/app/Tests/Request/ParamConverter/PropelParamConverterTest.php" line="120" class="Propel\Bundle\PropelBundle\Tests\Request\ParamConverter\PropelParamConverterTest" classname="Propel.Bundle.PropelBundle.Tests.Request.ParamConverter.PropelParamConverterTest" assertions="0" time="0.000000">
          <skipped/>
        </testcase>
        <testcase name="testParamConverterFindByAllParamExcluded" file="/app/Tests/Request/ParamConverter/PropelParamConverterTest.php" line="135" class="Propel\Bundle\PropelBundle\Tests\Request\ParamConverter\PropelParamConverterTest" classname="Propel.Bundle.PropelBundle.Tests.Request.ParamConverter.PropelParamConverterTest" assertions="0" time="0.000000">
          <skipped/>
        </testcase>
        <testcase name="testParamConverterFindByIdExcluded" file="/app/Tests/Request/ParamConverter/PropelParamConverterTest.php" line="154" class="Propel\Bundle\PropelBundle\Tests\Request\ParamConverter\PropelParamConverterTest" classname="Propel.Bundle.PropelBundle.Tests.Request.ParamConverter.PropelParamConverterTest" assertions="0" time="0.000000">
          <skipped/>
        </testcase>
        <testcase name="testParamConverterFindLogicError" file="/app/Tests/Request/ParamConverter/PropelParamConverterTest.php" line="173" class="Propel\Bundle\PropelBundle\Tests\Request\ParamConverter\PropelParamConverterTest" classname="Propel.Bundle.PropelBundle.Tests.Request.ParamConverter.PropelParamConverterTest" assertions="0" time="0.000000">
          <skipped/>
        </testcase>
        <testcase name="testParamConverterFindWithOptionalParam" file="/app/Tests/Request/ParamConverter/PropelParamConverterTest.php" line="184" class="Propel\Bundle\PropelBundle\Tests\Request\ParamConverter\PropelParamConverterTest" classname="Propel.Bundle.PropelBundle.Tests.Request.ParamConverter.PropelParamConverterTest" assertions="0" time="0.000000">
          <skipped/>
        </testcase>
        <testcase name="testParamConverterFindWithMapping" file="/app/Tests/Request/ParamConverter/PropelParamConverterTest.php" line="196" class="Propel\Bundle\PropelBundle\Tests\Request\ParamConverter\PropelParamConverterTest" classname="Propel.Bundle.PropelBundle.Tests.Request.ParamConverter.PropelParamConverterTest" assertions="0" time="0.000000">
          <skipped/>
        </testcase>
        <testcase name="testParamConverterFindSlugWithMapping" file="/app/Tests/Request/ParamConverter/PropelParamConverterTest.php" line="209" class="Propel\Bundle\PropelBundle\Tests\Request\ParamConverter\PropelParamConverterTest" classname="Propel.Bundle.PropelBundle.Tests.Request.ParamConverter.PropelParamConverterTest" assertions="0" time="0.000000">
          <skipped/>
        </testcase>
        <testcase name="testParamConvertWithOptionWith" file="/app/Tests/Request/ParamConverter/PropelParamConverterTest.php" line="222" class="Propel\Bundle\PropelBundle\Tests\Request\ParamConverter\PropelParamConverterTest" classname="Propel.Bundle.PropelBundle.Tests.Request.ParamConverter.PropelParamConverterTest" assertions="0" time="0.000000">
          <skipped/>
        </testcase>
        <testcase name="testParamConvertWithOptionWithLeftJoin" file="/app/Tests/Request/ParamConverter/PropelParamConverterTest.php" line="252" class="Propel\Bundle\PropelBundle\Tests\Request\ParamConverter\PropelParamConverterTest" classname="Propel.Bundle.PropelBundle.Tests.Request.ParamConverter.PropelParamConverterTest" assertions="0" time="0.000000">
          <skipped/>
        </testcase>
        <testcase name="testParamConvertWithOptionWithFindPk" file="/app/Tests/Request/ParamConverter/PropelParamConverterTest.php" line="283" class="Propel\Bundle\PropelBundle\Tests\Request\ParamConverter\PropelParamConverterTest" classname="Propel.Bundle.PropelBundle.Tests.Request.ParamConverter.PropelParamConverterTest" assertions="0" time="0.000000">
          <skipped/>
        </testcase>
        <testcase name="testConfigurationReadFromRequestAttributesIfEmpty" file="/app/Tests/Request/ParamConverter/PropelParamConverterTest.php" line="313" class="Propel\Bundle\PropelBundle\Tests\Request\ParamConverter\PropelParamConverterTest" classname="Propel.Bundle.PropelBundle.Tests.Request.ParamConverter.PropelParamConverterTest" assertions="0" time="0.000000">
          <skipped/>
        </testcase>
      </testsuite>
      <testsuite name="Propel\Bundle\PropelBundle\Tests\Security\User\PropelUserProviderTest" file="/app/Tests/Security/User/PropelUserProviderTest.php" tests="4" assertions="0" errors="4" failures="0" skipped="0" time="0.000000">
        <testcase name="testRefreshUserGetsUserByPrimaryKey" file="/app/Tests/Security/User/PropelUserProviderTest.php" line="61" class="Propel\Bundle\PropelBundle\Tests\Security\User\PropelUserProviderTest" classname="Propel.Bundle.PropelBundle.Tests.Security.User.PropelUserProviderTest" assertions="0" time="0.000000">
          <error type="PDOException">Propel\Bundle\PropelBundle\Tests\Security\User\PropelUserProviderTest::testRefreshUserGetsUserByPrimaryKey
PDOException: could not find driver

/app/vendor/propel/propel/src/Propel/Runtime/Connection/PdoConnection.php:104
/app/vendor/propel/propel/src/Propel/Generator/Util/QuickBuilder.php:264
/app/Tests/Security/User/PropelUserProviderTest.php:51</error>
        </testcase>
        <testcase name="testLoadUserByUsername" file="/app/Tests/Security/User/PropelUserProviderTest.php" line="80" class="Propel\Bundle\PropelBundle\Tests\Security\User\PropelUserProviderTest" classname="Propel.Bundle.PropelBundle.Tests.Security.User.PropelUserProviderTest" assertions="0" time="0.000000">
          <error type="PDOException">Propel\Bundle\PropelBundle\Tests\Security\User\PropelUserProviderTest::testLoadUserByUsername
PDOException: could not find driver

/app/vendor/propel/propel/src/Propel/Runtime/Connection/PdoConnection.php:104
/app/vendor/propel/propel/src/Propel/Generator/Util/QuickBuilder.php:264
/app/Tests/Security/User/PropelUserProviderTest.php:51</error>
        </testcase>
        <testcase name="testSupportsClass" file="/app/Tests/Security/User/PropelUserProviderTest.php" line="96" class="Propel\Bundle\PropelBundle\Tests\Security\User\PropelUserProviderTest" classname="Propel.Bundle.PropelBundle.Tests.Security.User.PropelUserProviderTest" assertions="0" time="0.000000">
          <error type="PDOException">Propel\Bundle\PropelBundle\Tests\Security\User\PropelUserProviderTest::testSupportsClass
PDOException: could not find driver

/app/vendor/propel/propel/src/Propel/Runtime/Connection/PdoConnection.php:104
/app/vendor/propel/propel/src/Propel/Generator/Util/QuickBuilder.php:264
/app/Tests/Security/User/PropelUserProviderTest.php:51</error>
        </testcase>
        <testcase name="testLoadUserByIdentifier" file="/app/Tests/Security/User/PropelUserProviderTest.php" line="105" class="Propel\Bundle\PropelBundle\Tests\Security\User\PropelUserProviderTest" classname="Propel.Bundle.PropelBundle.Tests.Security.User.PropelUserProviderTest" assertions="0" time="0.000000">
          <error type="PDOException">Propel\Bundle\PropelBundle\Tests\Security\User\PropelUserProviderTest::testLoadUserByIdentifier
PDOException: could not find driver

/app/vendor/propel/propel/src/Propel/Runtime/Connection/PdoConnection.php:104
/app/vendor/propel/propel/src/Propel/Generator/Util/QuickBuilder.php:264
/app/Tests/Security/User/PropelUserProviderTest.php:51</error>
        </testcase>
      </testsuite>
      <testsuite name="Propel\Bundle\PropelBundle\Tests\Service\SchemaLocatorTest" file="/app/Tests/Service/SchemaLocatorTest.php" tests="2" assertions="8" errors="0" failures="0" skipped="0" time="1.227661">
        <testcase name="testLocateFromBundle" file="/app/Tests/Service/SchemaLocatorTest.php" line="79" class="Propel\Bundle\PropelBundle\Tests\Service\SchemaLocatorTest" classname="Propel.Bundle.PropelBundle.Tests.Service.SchemaLocatorTest" assertions="3" time="1.209897"/>
        <testcase name="testLocateFromBundlesAndConfiguration" file="/app/Tests/Service/SchemaLocatorTest.php" line="91" class="Propel\Bundle\PropelBundle\Tests\Service\SchemaLocatorTest" classname="Propel.Bundle.PropelBundle.Tests.Service.SchemaLocatorTest" assertions="5" time="0.017763"/>
      </testsuite>
      <testsuite name="Propel\Bundle\PropelBundle\Tests\Util\PropelInflectorTest" file="/app/Tests/Util/PropelInflectorTest.php" tests="12" assertions="12" errors="0" failures="0" skipped="0" time="0.012862">
        <testsuite name="Propel\Bundle\PropelBundle\Tests\Util\PropelInflectorTest::testCamelize" tests="12" assertions="12" errors="0" failures="0" skipped="0" time="0.012862">
          <testcase name="testCamelize with data set #0" file="/app/Tests/Util/PropelInflectorTest.php" line="26" class="Propel\Bundle\PropelBundle\Tests\Util\PropelInflectorTest" classname="Propel.Bundle.PropelBundle.Tests.Util.PropelInflectorTest" assertions="1" time="0.010108"/>
          <testcase name="testCamelize with data set #1" file="/app/Tests/Util/PropelInflectorTest.php" line="26" class="Propel\Bundle\PropelBundle\Tests\Util\PropelInflectorTest" classname="Propel.Bundle.PropelBundle.Tests.Util.PropelInflectorTest" assertions="1" time="0.000175"/>
          <testcase name="testCamelize with data set #2" file="/app/Tests/Util/PropelInflectorTest.php" line="26" class="Propel\Bundle\PropelBundle\Tests\Util\PropelInflectorTest" classname="Propel.Bundle.PropelBundle.Tests.Util.PropelInflectorTest" assertions="1" time="0.000315"/>
          <testcase name="testCamelize with data set #3" file="/app/Tests/Util/PropelInflectorTest.php" line="26" class="Propel\Bundle\PropelBundle\Tests\Util\PropelInflectorTest" classname="Propel.Bundle.PropelBundle.Tests.Util.PropelInflectorTest" assertions="1" time="0.000329"/>
          <testcase name="testCamelize with data set #4" file="/app/Tests/Util/PropelInflectorTest.php" line="26" class="Propel\Bundle\PropelBundle\Tests\Util\PropelInflectorTest" classname="Propel.Bundle.PropelBundle.Tests.Util.PropelInflectorTest" assertions="1" time="0.000324"/>
          <testcase name="testCamelize with data set #5" file="/app/Tests/Util/PropelInflectorTest.php" line="26" class="Propel\Bundle\PropelBundle\Tests\Util\PropelInflectorTest" classname="Propel.Bundle.PropelBundle.Tests.Util.PropelInflectorTest" assertions="1" time="0.000185"/>
          <testcase name="testCamelize with data set #6" file="/app/Tests/Util/PropelInflectorTest.php" line="26" class="Propel\Bundle\PropelBundle\Tests\Util\PropelInflectorTest" classname="Propel.Bundle.PropelBundle.Tests.Util.PropelInflectorTest" assertions="1" time="0.000199"/>
          <testcase name="testCamelize with data set #7" file="/app/Tests/Util/PropelInflectorTest.php" line="26" class="Propel\Bundle\PropelBundle\Tests\Util\PropelInflectorTest" classname="Propel.Bundle.PropelBundle.Tests.Util.PropelInflectorTest" assertions="1" time="0.000147"/>
          <testcase name="testCamelize with data set #8" file="/app/Tests/Util/PropelInflectorTest.php" line="26" class="Propel\Bundle\PropelBundle\Tests\Util\PropelInflectorTest" classname="Propel.Bundle.PropelBundle.Tests.Util.PropelInflectorTest" assertions="1" time="0.000275"/>
          <testcase name="testCamelize with data set #9" file="/app/Tests/Util/PropelInflectorTest.php" line="26" class="Propel\Bundle\PropelBundle\Tests\Util\PropelInflectorTest" classname="Propel.Bundle.PropelBundle.Tests.Util.PropelInflectorTest" assertions="1" time="0.000170"/>
          <testcase name="testCamelize with data set #10" file="/app/Tests/Util/PropelInflectorTest.php" line="26" class="Propel\Bundle\PropelBundle\Tests\Util\PropelInflectorTest" classname="Propel.Bundle.PropelBundle.Tests.Util.PropelInflectorTest" assertions="1" time="0.000312"/>
          <testcase name="testCamelize with data set #11" file="/app/Tests/Util/PropelInflectorTest.php" line="26" class="Propel\Bundle\PropelBundle\Tests\Util\PropelInflectorTest" classname="Propel.Bundle.PropelBundle.Tests.Util.PropelInflectorTest" assertions="1" time="0.000324"/>
        </testsuite>
      </testsuite>
    </testsuite>
  </testsuite>
</testsuites>
